[   97216ms] [ERROR] Failed to load resource: the server responded with a status of 500 (Internal Server Error) @ http://localhost:3000/:0
[   97481ms] Error: Couldn't find next-intl config file. Please follow the instructions at https://next-intl.dev/docs/getting-started/app-router
    at LocaleLayout (about://React/Server/file:///home/alexkiwi/projects/personal/agentic-next-payloadcms/.next/dev/server/chunks/ssr/_a533ff53._.js?35:144:504)
    at resolveErrorDev (http://localhost:3000/_next/static/chunks/c70d6_next_dist_compiled_react-server-dom-turbopack_04def57c._.js:1894:148)
    at processFullStringRow (http://localhost:3000/_next/static/chunks/c70d6_next_dist_compiled_react-server-dom-turbopack_04def57c._.js:2402:29)
    at processFullBinaryRow (http://localhost:3000/_next/static/chunks/c70d6_next_dist_compiled_react-server-dom-turbopack_04def57c._.js:2361:9)
    at processBinaryChunk (http://localhost:3000/_next/static/chunks/c70d6_next_dist_compiled_react-server-dom-turbopack_04def57c._.js:2470:221)
    at progress (http://localhost:3000/_next/static/chunks/c70d6_next_dist_compiled_react-server-dom-turbopack_04def57c._.js:2640:13)
[  100828ms] [WARNING] The resource http://localhost:3000/_next/static/chunks/%5Broot-of-the-server%5D__28bc9c2a._.css was preloaded using link preload but not used within a few seconds from the window's load event. Please make sure it has an appropriate `as` value and it is preloaded intentionally. @ http://localhost:3000/:0
[  100828ms] [WARNING] The resource http://localhost:3000/_next/static/media/797e433ab948586e-s.p.dbea232f.woff2 was preloaded using link preload but not used within a few seconds from the window's load event. Please make sure it has an appropriate `as` value and it is preloaded intentionally. @ http://localhost:3000/:0
[  100828ms] [WARNING] The resource http://localhost:3000/_next/static/media/caa3a2e1cccd8315-s.p.853070df.woff2 was preloaded using link preload but not used within a few seconds from the window's load event. Please make sure it has an appropriate `as` value and it is preloaded intentionally. @ http://localhost:3000/:0
[  113699ms] [ERROR] WebSocket connection to 'ws://localhost:3000/_next/webpack-hmr?id=FgUMpQSmKJIKwjlfjA8vx' failed: Error in connection establishment: net::ERR_CONNECTION_REFUSED @ http://localhost:3000/_next/static/chunks/c70d6_next_dist_client_557cf8c4._.js:10878
[  114700ms] [ERROR] WebSocket connection to 'ws://localhost:3000/_next/webpack-hmr?id=FgUMpQSmKJIKwjlfjA8vx' failed: Error in connection establishment: net::ERR_CONNECTION_REFUSED @ http://localhost:3000/_next/static/chunks/c70d6_next_dist_client_557cf8c4._.js:10878
[  115702ms] [ERROR] WebSocket connection to 'ws://localhost:3000/_next/webpack-hmr?id=FgUMpQSmKJIKwjlfjA8vx' failed: Error in connection establishment: net::ERR_CONNECTION_REFUSED @ http://localhost:3000/_next/static/chunks/c70d6_next_dist_client_557cf8c4._.js:10878
[  116703ms] [ERROR] WebSocket connection to 'ws://localhost:3000/_next/webpack-hmr?id=FgUMpQSmKJIKwjlfjA8vx' failed: Error in connection establishment: net::ERR_CONNECTION_REFUSED @ http://localhost:3000/_next/static/chunks/c70d6_next_dist_client_557cf8c4._.js:10878
[  117704ms] [ERROR] WebSocket connection to 'ws://localhost:3000/_next/webpack-hmr?id=FgUMpQSmKJIKwjlfjA8vx' failed: Error in connection establishment: net::ERR_CONNECTION_REFUSED @ http://localhost:3000/_next/static/chunks/c70d6_next_dist_client_557cf8c4._.js:10878
[  122706ms] [ERROR] WebSocket connection to 'ws://localhost:3000/_next/webpack-hmr?id=FgUMpQSmKJIKwjlfjA8vx' failed: Error in connection establishment: net::ERR_CONNECTION_REFUSED @ http://localhost:3000/_next/static/chunks/c70d6_next_dist_client_557cf8c4._.js:10878
[  127708ms] [ERROR] WebSocket connection to 'ws://localhost:3000/_next/webpack-hmr?id=FgUMpQSmKJIKwjlfjA8vx' failed: Error in connection establishment: net::ERR_CONNECTION_REFUSED @ http://localhost:3000/_next/static/chunks/c70d6_next_dist_client_557cf8c4._.js:10878
[  132710ms] [ERROR] WebSocket connection to 'ws://localhost:3000/_next/webpack-hmr?id=FgUMpQSmKJIKwjlfjA8vx' failed: Error in connection establishment: net::ERR_CONNECTION_REFUSED @ http://localhost:3000/_next/static/chunks/c70d6_next_dist_client_557cf8c4._.js:10878
[  137713ms] [ERROR] WebSocket connection to 'ws://localhost:3000/_next/webpack-hmr?id=FgUMpQSmKJIKwjlfjA8vx' failed: Error in connection establishment: net::ERR_CONNECTION_REFUSED @ http://localhost:3000/_next/static/chunks/c70d6_next_dist_client_557cf8c4._.js:10878
[  142715ms] [ERROR] WebSocket connection to 'ws://localhost:3000/_next/webpack-hmr?id=FgUMpQSmKJIKwjlfjA8vx' failed: Error in connection establishment: net::ERR_CONNECTION_REFUSED @ http://localhost:3000/_next/static/chunks/c70d6_next_dist_client_557cf8c4._.js:10878
[  149152ms] [ERROR] Failed to load resource: the server responded with a status of 500 (Internal Server Error) @ http://localhost:3000/ro:0
[  149317ms] Error: Couldn't find next-intl config file. Please follow the instructions at https://next-intl.dev/docs/getting-started/app-router
    at LocaleLayout (about://React/Server/file:///home/alexkiwi/projects/personal/agentic-next-payloadcms/.next/dev/server/chunks/ssr/_a533ff53._.js?35:144:504)
    at resolveErrorDev (http://localhost:3000/_next/static/chunks/c70d6_next_dist_compiled_react-server-dom-turbopack_04def57c._.js:1894:148)
    at processFullStringRow (http://localhost:3000/_next/static/chunks/c70d6_next_dist_compiled_react-server-dom-turbopack_04def57c._.js:2402:29)
    at processFullBinaryRow (http://localhost:3000/_next/static/chunks/c70d6_next_dist_compiled_react-server-dom-turbopack_04def57c._.js:2361:9)
    at processBinaryChunk (http://localhost:3000/_next/static/chunks/c70d6_next_dist_compiled_react-server-dom-turbopack_04def57c._.js:2470:221)
    at progress (http://localhost:3000/_next/static/chunks/c70d6_next_dist_compiled_react-server-dom-turbopack_04def57c._.js:2640:13)
[  152374ms] [WARNING] The resource http://localhost:3000/_next/static/chunks/%5Broot-of-the-server%5D__28bc9c2a._.css was preloaded using link preload but not used within a few seconds from the window's load event. Please make sure it has an appropriate `as` value and it is preloaded intentionally. @ http://localhost:3000/ro:0
[  152374ms] [WARNING] The resource http://localhost:3000/_next/static/media/797e433ab948586e-s.p.dbea232f.woff2 was preloaded using link preload but not used within a few seconds from the window's load event. Please make sure it has an appropriate `as` value and it is preloaded intentionally. @ http://localhost:3000/ro:0
[  152374ms] [WARNING] The resource http://localhost:3000/_next/static/media/caa3a2e1cccd8315-s.p.853070df.woff2 was preloaded using link preload but not used within a few seconds from the window's load event. Please make sure it has an appropriate `as` value and it is preloaded intentionally. @ http://localhost:3000/ro:0
[  175494ms] [ERROR] Failed to load resource: the server responded with a status of 500 (Internal Server Error) @ http://localhost:3000/ro:0
[  175632ms] Error: Couldn't find next-intl config file. Please follow the instructions at https://next-intl.dev/docs/getting-started/app-router
    at LocaleLayout (about://React/Server/file:///home/alexkiwi/projects/personal/agentic-next-payloadcms/.next/dev/server/chunks/ssr/_a533ff53._.js?35:144:504)
    at resolveErrorDev (http://localhost:3000/_next/static/chunks/c70d6_next_dist_compiled_react-server-dom-turbopack_04def57c._.js:1894:148)
    at processFullStringRow (http://localhost:3000/_next/static/chunks/c70d6_next_dist_compiled_react-server-dom-turbopack_04def57c._.js:2402:29)
    at processFullBinaryRow (http://localhost:3000/_next/static/chunks/c70d6_next_dist_compiled_react-server-dom-turbopack_04def57c._.js:2361:9)
    at processBinaryChunk (http://localhost:3000/_next/static/chunks/c70d6_next_dist_compiled_react-server-dom-turbopack_04def57c._.js:2470:221)
    at progress (http://localhost:3000/_next/static/chunks/c70d6_next_dist_compiled_react-server-dom-turbopack_04def57c._.js:2640:13)
[  178668ms] [WARNING] The resource http://localhost:3000/_next/static/chunks/%5Broot-of-the-server%5D__28bc9c2a._.css was preloaded using link preload but not used within a few seconds from the window's load event. Please make sure it has an appropriate `as` value and it is preloaded intentionally. @ http://localhost:3000/ro:0
[  178668ms] [WARNING] The resource http://localhost:3000/_next/static/media/797e433ab948586e-s.p.dbea232f.woff2 was preloaded using link preload but not used within a few seconds from the window's load event. Please make sure it has an appropriate `as` value and it is preloaded intentionally. @ http://localhost:3000/ro:0
[  178668ms] [WARNING] The resource http://localhost:3000/_next/static/media/caa3a2e1cccd8315-s.p.853070df.woff2 was preloaded using link preload but not used within a few seconds from the window's load event. Please make sure it has an appropriate `as` value and it is preloaded intentionally. @ http://localhost:3000/ro:0
