[   25662ms] [ERROR] IntlError: MISSING_MESSAGE: Could not resolve `common.siteName` in messages for locale `ro`.
    at getFallbackFromErrorAndNotify (http://localhost:3000/_next/static/chunks/node_modules__pnpm_b13f3e12._.js:11157:23)
    at translateBaseFn (http://localhost:3000/_next/static/chunks/node_modules__pnpm_b13f3e12._.js:11187:28)
    at translateFn (http://localhost:3000/_next/static/chunks/node_modules__pnpm_b13f3e12._.js:11215:24)
    at Header (http://localhost:3000/_next/static/chunks/_4620137d._.js?id=%255Bproject%255D%252Fcomponents%252FHeader.tsx+%255Bapp-client%255D+%2528ecmascript%2529:74:47)
    at Object.react_stack_bottom_frame (http://localhost:3000/_next/static/chunks/c70d6_next_dist_compiled_react-dom_57028312._.js:14826:24)
    at renderWithHooks (http://localhost:3000/_next/static/chunks/c70d6_next_dist_compiled_react-dom_57028312._.js:4651:24)
    at updateFunctionComponent (http://localhost:3000/_next/static/chunks/c70d6_next_dist_compiled_react-dom_57028312._.js:6112:21)
    at beginWork (http://localhost:3000/_next/static/chunks/c70d6_next_dist_compiled_react-dom_57028312._.js:6708:24)
    at runWithFiberInDEV (http://localhost:3000/_next/static/chunks/c70d6_next_dist_compiled_react-dom_57028312._.js:965:74)
    at performUnitOfWork (http://localhost:3000/_next/static/chunks/c70d6_next_dist_compiled_react-dom_57028312._.js:9562:97)
    at workLoopSync (http://localhost:3000/_next/static/chunks/c70d6_next_dist_compiled_react-dom_57028312._.js:9456:40)
    at renderRootSync (http://localhost:3000/_next/static/chunks/c70d6_next_dist_compiled_react-dom_57028312._.js:9440:13)
    at performWorkOnRoot (http://localhost:3000/_next/static/chunks/c70d6_next_dist_compiled_react-dom_57028312._.js:9068:186)
    at performSyncWorkOnRoot (http://localhost:3000/_next/static/chunks/c70d6_next_dist_compiled_react-dom_57028312._.js:10238:9)
    at flushSyncWorkAcrossRoots_impl (http://localhost:3000/_next/static/chunks/c70d6_next_dist_compiled_react-dom_57028312._.js:10154:316)
    at flushSyncWork$1 (http://localhost:3000/_next/static/chunks/c70d6_next_dist_compiled_react-dom_57028312._.js:9237:86)
    at Object.scheduleRefresh (http://localhost:3000/_next/static/chunks/c70d6_next_dist_compiled_react-dom_57028312._.js:299:13)
    at http://localhost:3000/_next/static/chunks/c70d6_next_dist_compiled_20ef5bc4._.js:391:33
    at Set.forEach (<anonymous>)
    at Object.performReactRefresh (http://localhost:3000/_next/static/chunks/c70d6_next_dist_compiled_20ef5bc4._.js:384:38)
    at applyUpdate (http://localhost:3000/_next/static/chunks/c70d6_next_dist_compiled_20ef5bc4._.js:878:31)
    at http://localhost:3000/_next/static/chunks/c70d6_next_dist_compiled_20ef5bc4._.js:886:13 @ http://localhost:3000/_next/static/chunks/c70d6_next_dist_be483b85._.js:3127
[   25665ms] [ERROR] IntlError: MISSING_MESSAGE: Could not resolve `common.siteName` in messages for locale `ro`.
    at getFallbackFromErrorAndNotify (http://localhost:3000/_next/static/chunks/node_modules__pnpm_b13f3e12._.js:11157:23)
    at translateBaseFn (http://localhost:3000/_next/static/chunks/node_modules__pnpm_b13f3e12._.js:11187:28)
    at translateFn (http://localhost:3000/_next/static/chunks/node_modules__pnpm_b13f3e12._.js:11215:24)
    at Header (http://localhost:3000/_next/static/chunks/_4620137d._.js?id=%255Bproject%255D%252Fcomponents%252FHeader.tsx+%255Bapp-client%255D+%2528ecmascript%2529:74:47)
    at Object.react_stack_bottom_frame (http://localhost:3000/_next/static/chunks/c70d6_next_dist_compiled_react-dom_57028312._.js:14826:24)
    at renderWithHooksAgain (http://localhost:3000/_next/static/chunks/c70d6_next_dist_compiled_react-dom_57028312._.js:4706:24)
    at renderWithHooks (http://localhost:3000/_next/static/chunks/c70d6_next_dist_compiled_react-dom_57028312._.js:4657:28)
    at updateFunctionComponent (http://localhost:3000/_next/static/chunks/c70d6_next_dist_compiled_react-dom_57028312._.js:6112:21)
    at beginWork (http://localhost:3000/_next/static/chunks/c70d6_next_dist_compiled_react-dom_57028312._.js:6708:24)
    at runWithFiberInDEV (http://localhost:3000/_next/static/chunks/c70d6_next_dist_compiled_react-dom_57028312._.js:965:74)
    at performUnitOfWork (http://localhost:3000/_next/static/chunks/c70d6_next_dist_compiled_react-dom_57028312._.js:9562:97)
    at workLoopSync (http://localhost:3000/_next/static/chunks/c70d6_next_dist_compiled_react-dom_57028312._.js:9456:40)
    at renderRootSync (http://localhost:3000/_next/static/chunks/c70d6_next_dist_compiled_react-dom_57028312._.js:9440:13)
    at performWorkOnRoot (http://localhost:3000/_next/static/chunks/c70d6_next_dist_compiled_react-dom_57028312._.js:9068:186)
    at performSyncWorkOnRoot (http://localhost:3000/_next/static/chunks/c70d6_next_dist_compiled_react-dom_57028312._.js:10238:9)
    at flushSyncWorkAcrossRoots_impl (http://localhost:3000/_next/static/chunks/c70d6_next_dist_compiled_react-dom_57028312._.js:10154:316)
    at flushSyncWork$1 (http://localhost:3000/_next/static/chunks/c70d6_next_dist_compiled_react-dom_57028312._.js:9237:86)
    at Object.scheduleRefresh (http://localhost:3000/_next/static/chunks/c70d6_next_dist_compiled_react-dom_57028312._.js:299:13)
    at http://localhost:3000/_next/static/chunks/c70d6_next_dist_compiled_20ef5bc4._.js:391:33
    at Set.forEach (<anonymous>)
    at Object.performReactRefresh (http://localhost:3000/_next/static/chunks/c70d6_next_dist_compiled_20ef5bc4._.js:384:38)
    at applyUpdate (http://localhost:3000/_next/static/chunks/c70d6_next_dist_compiled_20ef5bc4._.js:878:31)
    at http://localhost:3000/_next/static/chunks/c70d6_next_dist_compiled_20ef5bc4._.js:886:13 @ http://localhost:3000/_next/static/chunks/c70d6_next_dist_be483b85._.js:3127
[   26433ms] [ERROR] IntlError: MISSING_MESSAGE: Could not resolve `common.siteName` in messages for locale `ro`.
    at getFallbackFromErrorAndNotify (http://localhost:3000/_next/static/chunks/node_modules__pnpm_ed39e1a9._.js:10854:23)
    at translateBaseFn (http://localhost:3000/_next/static/chunks/node_modules__pnpm_ed39e1a9._.js:10884:28)
    at translateFn (http://localhost:3000/_next/static/chunks/node_modules__pnpm_ed39e1a9._.js:10912:24)
    at Header (http://localhost:3000/_next/static/chunks/_4620137d._.js:286:47)
    at Object.react_stack_bottom_frame (http://localhost:3000/_next/static/chunks/c70d6_next_dist_compiled_react-dom_57028312._.js:14826:24)
    at renderWithHooks (http://localhost:3000/_next/static/chunks/c70d6_next_dist_compiled_react-dom_57028312._.js:4651:24)
    at updateFunctionComponent (http://localhost:3000/_next/static/chunks/c70d6_next_dist_compiled_react-dom_57028312._.js:6112:21)
    at beginWork (http://localhost:3000/_next/static/chunks/c70d6_next_dist_compiled_react-dom_57028312._.js:6687:639)
    at runWithFiberInDEV (http://localhost:3000/_next/static/chunks/c70d6_next_dist_compiled_react-dom_57028312._.js:965:74)
    at performUnitOfWork (http://localhost:3000/_next/static/chunks/c70d6_next_dist_compiled_react-dom_57028312._.js:9562:97)
    at workLoopConcurrentByScheduler (http://localhost:3000/_next/static/chunks/c70d6_next_dist_compiled_react-dom_57028312._.js:9558:58)
    at renderRootConcurrent (http://localhost:3000/_next/static/chunks/c70d6_next_dist_compiled_react-dom_57028312._.js:9541:71)
    at performWorkOnRoot (http://localhost:3000/_next/static/chunks/c70d6_next_dist_compiled_react-dom_57028312._.js:9068:150)
    at performWorkOnRootViaSchedulerTask (http://localhost:3000/_next/static/chunks/c70d6_next_dist_compiled_react-dom_57028312._.js:10230:9)
    at MessagePort.performWorkUntilDeadline (http://localhost:3000/_next/static/chunks/c70d6_next_dist_compiled_20ef5bc4._.js:2647:64) @ http://localhost:3000/_next/static/chunks/c70d6_next_dist_be483b85._.js:3127
[   26435ms] [ERROR] IntlError: MISSING_MESSAGE: Could not resolve `common.siteName` in messages for locale `ro`.
    at getFallbackFromErrorAndNotify (http://localhost:3000/_next/static/chunks/node_modules__pnpm_ed39e1a9._.js:10854:23)
    at translateBaseFn (http://localhost:3000/_next/static/chunks/node_modules__pnpm_ed39e1a9._.js:10884:28)
    at translateFn (http://localhost:3000/_next/static/chunks/node_modules__pnpm_ed39e1a9._.js:10912:24)
    at Header (http://localhost:3000/_next/static/chunks/_4620137d._.js:286:47)
    at Object.react_stack_bottom_frame (http://localhost:3000/_next/static/chunks/c70d6_next_dist_compiled_react-dom_57028312._.js:14826:24)
    at renderWithHooksAgain (http://localhost:3000/_next/static/chunks/c70d6_next_dist_compiled_react-dom_57028312._.js:4706:24)
    at renderWithHooks (http://localhost:3000/_next/static/chunks/c70d6_next_dist_compiled_react-dom_57028312._.js:4657:28)
    at updateFunctionComponent (http://localhost:3000/_next/static/chunks/c70d6_next_dist_compiled_react-dom_57028312._.js:6112:21)
    at beginWork (http://localhost:3000/_next/static/chunks/c70d6_next_dist_compiled_react-dom_57028312._.js:6687:639)
    at runWithFiberInDEV (http://localhost:3000/_next/static/chunks/c70d6_next_dist_compiled_react-dom_57028312._.js:965:74)
    at performUnitOfWork (http://localhost:3000/_next/static/chunks/c70d6_next_dist_compiled_react-dom_57028312._.js:9562:97)
    at workLoopConcurrentByScheduler (http://localhost:3000/_next/static/chunks/c70d6_next_dist_compiled_react-dom_57028312._.js:9558:58)
    at renderRootConcurrent (http://localhost:3000/_next/static/chunks/c70d6_next_dist_compiled_react-dom_57028312._.js:9541:71)
    at performWorkOnRoot (http://localhost:3000/_next/static/chunks/c70d6_next_dist_compiled_react-dom_57028312._.js:9068:150)
    at performWorkOnRootViaSchedulerTask (http://localhost:3000/_next/static/chunks/c70d6_next_dist_compiled_react-dom_57028312._.js:10230:9)
    at MessagePort.performWorkUntilDeadline (http://localhost:3000/_next/static/chunks/c70d6_next_dist_compiled_20ef5bc4._.js:2647:64) @ http://localhost:3000/_next/static/chunks/c70d6_next_dist_be483b85._.js:3127
[   40833ms] [ERROR] IntlError: MISSING_MESSAGE: Could not resolve `common.siteName` in messages for locale `ro`.
    at getFallbackFromErrorAndNotify (http://localhost:3000/_next/static/chunks/node_modules__pnpm_ed39e1a9._.js:10854:23)
    at translateBaseFn (http://localhost:3000/_next/static/chunks/node_modules__pnpm_ed39e1a9._.js:10884:28)
    at translateFn (http://localhost:3000/_next/static/chunks/node_modules__pnpm_ed39e1a9._.js:10912:24)
    at Footer (http://localhost:3000/_next/static/chunks/_4620137d._.js?id=%255Bproject%255D%252Fcomponents%252FFooter.tsx+%255Bapp-client%255D+%2528ecmascript%2529:38:47)
    at Object.react_stack_bottom_frame (http://localhost:3000/_next/static/chunks/c70d6_next_dist_compiled_react-dom_57028312._.js:14826:24)
    at renderWithHooks (http://localhost:3000/_next/static/chunks/c70d6_next_dist_compiled_react-dom_57028312._.js:4651:24)
    at updateFunctionComponent (http://localhost:3000/_next/static/chunks/c70d6_next_dist_compiled_react-dom_57028312._.js:6112:21)
    at beginWork (http://localhost:3000/_next/static/chunks/c70d6_next_dist_compiled_react-dom_57028312._.js:6708:24)
    at runWithFiberInDEV (http://localhost:3000/_next/static/chunks/c70d6_next_dist_compiled_react-dom_57028312._.js:965:74)
    at performUnitOfWork (http://localhost:3000/_next/static/chunks/c70d6_next_dist_compiled_react-dom_57028312._.js:9562:97)
    at workLoopSync (http://localhost:3000/_next/static/chunks/c70d6_next_dist_compiled_react-dom_57028312._.js:9456:40)
    at renderRootSync (http://localhost:3000/_next/static/chunks/c70d6_next_dist_compiled_react-dom_57028312._.js:9440:13)
    at performWorkOnRoot (http://localhost:3000/_next/static/chunks/c70d6_next_dist_compiled_react-dom_57028312._.js:9068:186)
    at performSyncWorkOnRoot (http://localhost:3000/_next/static/chunks/c70d6_next_dist_compiled_react-dom_57028312._.js:10238:9)
    at flushSyncWorkAcrossRoots_impl (http://localhost:3000/_next/static/chunks/c70d6_next_dist_compiled_react-dom_57028312._.js:10154:316)
    at flushSyncWork$1 (http://localhost:3000/_next/static/chunks/c70d6_next_dist_compiled_react-dom_57028312._.js:9237:86)
    at Object.scheduleRefresh (http://localhost:3000/_next/static/chunks/c70d6_next_dist_compiled_react-dom_57028312._.js:299:13)
    at http://localhost:3000/_next/static/chunks/c70d6_next_dist_compiled_20ef5bc4._.js:391:33
    at Set.forEach (<anonymous>)
    at Object.performReactRefresh (http://localhost:3000/_next/static/chunks/c70d6_next_dist_compiled_20ef5bc4._.js:384:38)
    at applyUpdate (http://localhost:3000/_next/static/chunks/c70d6_next_dist_compiled_20ef5bc4._.js:878:31)
    at http://localhost:3000/_next/static/chunks/c70d6_next_dist_compiled_20ef5bc4._.js:886:13 @ http://localhost:3000/_next/static/chunks/c70d6_next_dist_be483b85._.js:3127
[   40834ms] [ERROR] IntlError: MISSING_MESSAGE: Could not resolve `common.siteName` in messages for locale `ro`.
    at getFallbackFromErrorAndNotify (http://localhost:3000/_next/static/chunks/node_modules__pnpm_ed39e1a9._.js:10854:23)
    at translateBaseFn (http://localhost:3000/_next/static/chunks/node_modules__pnpm_ed39e1a9._.js:10884:28)
    at translateFn (http://localhost:3000/_next/static/chunks/node_modules__pnpm_ed39e1a9._.js:10912:24)
    at Footer (http://localhost:3000/_next/static/chunks/_4620137d._.js?id=%255Bproject%255D%252Fcomponents%252FFooter.tsx+%255Bapp-client%255D+%2528ecmascript%2529:38:47)
    at Object.react_stack_bottom_frame (http://localhost:3000/_next/static/chunks/c70d6_next_dist_compiled_react-dom_57028312._.js:14826:24)
    at renderWithHooksAgain (http://localhost:3000/_next/static/chunks/c70d6_next_dist_compiled_react-dom_57028312._.js:4706:24)
    at renderWithHooks (http://localhost:3000/_next/static/chunks/c70d6_next_dist_compiled_react-dom_57028312._.js:4657:28)
    at updateFunctionComponent (http://localhost:3000/_next/static/chunks/c70d6_next_dist_compiled_react-dom_57028312._.js:6112:21)
    at beginWork (http://localhost:3000/_next/static/chunks/c70d6_next_dist_compiled_react-dom_57028312._.js:6708:24)
    at runWithFiberInDEV (http://localhost:3000/_next/static/chunks/c70d6_next_dist_compiled_react-dom_57028312._.js:965:74)
    at performUnitOfWork (http://localhost:3000/_next/static/chunks/c70d6_next_dist_compiled_react-dom_57028312._.js:9562:97)
    at workLoopSync (http://localhost:3000/_next/static/chunks/c70d6_next_dist_compiled_react-dom_57028312._.js:9456:40)
    at renderRootSync (http://localhost:3000/_next/static/chunks/c70d6_next_dist_compiled_react-dom_57028312._.js:9440:13)
    at performWorkOnRoot (http://localhost:3000/_next/static/chunks/c70d6_next_dist_compiled_react-dom_57028312._.js:9068:186)
    at performSyncWorkOnRoot (http://localhost:3000/_next/static/chunks/c70d6_next_dist_compiled_react-dom_57028312._.js:10238:9)
    at flushSyncWorkAcrossRoots_impl (http://localhost:3000/_next/static/chunks/c70d6_next_dist_compiled_react-dom_57028312._.js:10154:316)
    at flushSyncWork$1 (http://localhost:3000/_next/static/chunks/c70d6_next_dist_compiled_react-dom_57028312._.js:9237:86)
    at Object.scheduleRefresh (http://localhost:3000/_next/static/chunks/c70d6_next_dist_compiled_react-dom_57028312._.js:299:13)
    at http://localhost:3000/_next/static/chunks/c70d6_next_dist_compiled_20ef5bc4._.js:391:33
    at Set.forEach (<anonymous>)
    at Object.performReactRefresh (http://localhost:3000/_next/static/chunks/c70d6_next_dist_compiled_20ef5bc4._.js:384:38)
    at applyUpdate (http://localhost:3000/_next/static/chunks/c70d6_next_dist_compiled_20ef5bc4._.js:878:31)
    at http://localhost:3000/_next/static/chunks/c70d6_next_dist_compiled_20ef5bc4._.js:886:13 @ http://localhost:3000/_next/static/chunks/c70d6_next_dist_be483b85._.js:3127
